jcp@butler:~/test/sqlite$ sqlite3 test.sql
SQLite version 3.7.4
Enter ".help" for instructions
Enter SQL statements terminated with a ";"
sqlite> create table attributes (source text, name text, intvalue integer, textvalue text, blobvalue blob);
sqlite> create index attributes_name_intvalue on attributes (name, intvalue);
sqlite> create index attributes_name_textvalue on attributes (name, textvalue);
sqlite> create index attributes_name_blobvalue on attributes (name, blobvalue);
sqlite> explain query plan select * from attributes where source = 'hello';
0|0|0|SCAN TABLE attributes (~100000 rows)
sqlite> explain query plan select * from attributes where name = 'hello';
0|0|0|SEARCH TABLE attributes USING INDEX attributes_name_blobvalue (name=?) (~10 rows)
sqlite> explain query plan select * from attributes where name = 'hello' and intvalue is not null;
0|0|0|SEARCH TABLE attributes USING INDEX attributes_name_blobvalue (name=?) (~5 rows)
sqlite> explain query plan select * from attributes where name = 'hello' and intvalue is not null and intvalue > 5;
0|0|0|SEARCH TABLE attributes USING INDEX attributes_name_intvalue (name=? AND intvalue>?) (~2 rows)
sqlite> create index attributes_name on attributes (name);
sqlite> explain query plan select * from attributes where name = 'hello' and intvalue is not null;
0|0|0|SEARCH TABLE attributes USING INDEX attributes_name (name=?) (~5 rows)
sqlite> explain query plan select * from attributes where name = 'hello' and intvalue is not null and intvalue > 5;
0|0|0|SEARCH TABLE attributes USING INDEX attributes_name_intvalue (name=? AND intvalue>?) (~2 rows)
sqlite> explain query plan select * from attributes where name = 'hello' and intvalue is not null and intvalue > 5 and intvalue < 7;
0|0|0|SEARCH TABLE attributes USING INDEX attributes_name_intvalue (name=? AND intvalue>? AND intvalue<?) (~1 rows)
sqlite> explain query plan select * from attributes where name = 'hello' and intvalue is not null and intvalue > 5 and intvalue is not null and intvalue < 7;
0|0|0|SEARCH TABLE attributes USING INDEX attributes_name_intvalue (name=? AND intvalue>? AND intvalue<?) (~1 rows)
sqlite> explain query plan select * from attributes where name = 'hello' and intvalue is not null and intvalue = 5;
0|0|0|SEARCH TABLE attributes USING INDEX attributes_name_intvalue (name=? AND intvalue=?) (~4 rows)
sqlite> explain query plan select * from attributes where name = 'hello' and intvalue is not null and intvalue = 5000;
0|0|0|SEARCH TABLE attributes USING INDEX attributes_name_intvalue (name=? AND intvalue=?) (~4 rows)
sqlite> explain query plan select * from attributes where name = 'hello' and ((intvalue is not null and intvalue = 5) or (textvalue is not null and textvalue = 'hello');
Error: near ";": syntax error
sqlite> explain query plan select * from attributes where name = 'hello' and ((intvalue is not null and intvalue = 5) or (textvalue is not null and textvalue = 'hello'));
0|0|0|SEARCH TABLE attributes USING INDEX attributes_name (name=?) (~5 rows)
sqlite> explain query plan select * from attributes where ((intvalue is not null and intvalue = 5) or (textvalue is not null and textvalue = 'hello'));
0|0|0|SCAN TABLE attributes (~500000 rows)
sqlite> explain query plan select source from attributes where ((intvalue is not null and intvalue = 5) or (textvalue is not null and textvalue = 'hello'));
0|0|0|SCAN TABLE attributes (~500000 rows)
sqlite> explain query plan select source from attributes where (intvalue is not null and intvalue = 5) union select source from attributes where (textvalue is not null and textvalue = 'hello')
   ...> ;
1|0|0|SCAN TABLE attributes (~50000 rows)
2|0|0|SCAN TABLE attributes (~50000 rows)
0|0|0|COMPOUND SUBQUERIES 1 AND 2 USING TEMP B-TREE (UNION)
sqlite> explain query plan select source from attributes where (intvalue is not null and intvalue = 5) union select source from attributes where (textvalue is not null and textvalue = 'hello');
1|0|0|SCAN TABLE attributes (~50000 rows)
2|0|0|SCAN TABLE attributes (~50000 rows)
0|0|0|COMPOUND SUBQUERIES 1 AND 2 USING TEMP B-TREE (UNION)
sqlite> explain query plan select source from attributes where name = 'test' and (intvalue is not null and intvalue = 5) union select source from attributes where (textvalue is not null and textvalue = 'hello');
1|0|0|SEARCH TABLE attributes USING INDEX attributes_name_intvalue (name=? AND intvalue=?) (~4 rows)
2|0|0|SCAN TABLE attributes (~50000 rows)
0|0|0|COMPOUND SUBQUERIES 1 AND 2 USING TEMP B-TREE (UNION)
sqlite> explain query plan select source from attributes where name = 'test' and (intvalue is not null and intvalue = 5) union select source from attributes where name = 'test' and (textvalue is not null and textvalue = 'hello');
1|0|0|SEARCH TABLE attributes USING INDEX attributes_name_intvalue (name=? AND intvalue=?) (~4 rows)
2|0|0|SEARCH TABLE attributes USING INDEX attributes_name_textvalue (name=? AND textvalue=?) (~4 rows)
0|0|0|COMPOUND SUBQUERIES 1 AND 2 USING TEMP B-TREE (UNION)
sqlite> explain query plan select source from attributes where ((intvalue is not null and intvalue = 5) or (textvalue is not null and textvalue = 'hello'));
0|0|0|SCAN TABLE attributes (~500000 rows)
sqlite> explain query plan select source from attributes where name = 'test' and ((intvalue is not null and intvalue = 5) or (textvalue is not null and textvalue = 'hello'));
0|0|0|SEARCH TABLE attributes USING INDEX attributes_name (name=?) (~5 rows)
sqlite> explain query plan select source from attributes where (name = 'test' and intvalue is not null and intvalue = 5) or (name = 'test' and textvalue is not null and textvalue = 'hello');
0|0|0|SEARCH TABLE attributes USING INDEX attributes_name_intvalue (name=? AND intvalue=?) (~4 rows)
0|0|0|SEARCH TABLE attributes USING INDEX attributes_name_textvalue (name=? AND textvalue=?) (~4 rows)
sqlite> explain query plan select source from attributes where (name = 'test' and intvalue is not null and intvalue = 5) and (name = 'test' and textvalue is not null and textvalue = 'hello');
0|0|0|SEARCH TABLE attributes USING INDEX attributes_name_textvalue (name=? AND textvalue=?) (~2 rows)
sqlite> explain query plan select source from attributes where (name = 'test' and intvalue is not null and intvalue = 5) or (name = 'test' and textvalue is not null and textvalue = 'hello');
0|0|0|SEARCH TABLE attributes USING INDEX attributes_name_intvalue (name=? AND intvalue=?) (~4 rows)
0|0|0|SEARCH TABLE attributes USING INDEX attributes_name_textvalue (name=? AND textvalue=?) (~4 rows)
sqlite> 
sqlite> explain query plan select source from attributes where (name = 'test' and intvalue is not null and intvalue = 5) and (name = 'test' and intvalue is not null and intvalue = 6);
0|0|0|SEARCH TABLE attributes USING INDEX attributes_name_intvalue (name=? AND intvalue=?) (~2 rows)
sqlite> explain query plan select source from attributes where (name = 'test' and intvalue is not null and intvalue > 5) and (name = 'test' and intvalue is not null and intvalue < 8);
0|0|0|SEARCH TABLE attributes USING INDEX attributes_name_intvalue (name=? AND intvalue>? AND intvalue<?) (~1 rows)
